
[ERROR] COMPILATION ERROR : 
[ERROR] /C:/Dev/laborwaze/queue-system/src/main/java/com/laborwaze/queue_system/application/service/ProfissionalService
.java:[30,39] cannot find symbol
[ERROR] /C:/Dev/laborwaze/queue-system/src/main/java/com/laborwaze/queue_system/application/service/ProfissionalService
.java:[55,21] cannot find symbol
[ERROR] 
/C:/Dev/laborwaze/queue-system/src/main/java/com/laborwaze/queue_system/application/service/SalaService.java:[20,25] 
cannot find symbol
[ERROR] 
/C:/Dev/laborwaze/queue-system/src/main/java/com/laborwaze/queue_system/application/service/SalaService.java:[43,13] 
cannot find symbol
[ERROR] Failed to execute goal org.apache.maven.plugins:maven-compiler-plugin:3.14.1:compile (default-compile) on 
project queue-system: Compilation failure: Compilation failure: 
[ERROR] /C:/Dev/laborwaze/queue-system/src/main/java/com/laborwaze/queue_system/application/service/ProfissionalService
.java:[30,39] cannot find symbol
[ERROR]   symbol:   method builder()
[ERROR]   location: class com.laborwaze.queue_system.domain.model.Usuario
[ERROR] /C:/Dev/laborwaze/queue-system/src/main/java/com/laborwaze/queue_system/application/service/ProfissionalService
.java:[55,21] cannot find symbol
[ERROR]   symbol:   method setAtivo(boolean)
[ERROR]   location: variable profissional of type com.laborwaze.queue_system.domain.model.Usuario
[ERROR] 
/C:/Dev/laborwaze/queue-system/src/main/java/com/laborwaze/queue_system/application/service/SalaService.java:[20,25] 
cannot find symbol
[ERROR]   symbol:   method builder()
[ERROR]   location: class com.laborwaze.queue_system.domain.model.Sala
[ERROR] 
/C:/Dev/laborwaze/queue-system/src/main/java/com/laborwaze/queue_system/application/service/SalaService.java:[43,13] 
cannot find symbol
[ERROR]   symbol:   method setAtivo(boolean)
[ERROR]   location: variable sala of type com.laborwaze.queue_system.domain.model.Sala
[ERROR] -> [Help 1]
[ERROR] 
[ERROR] To see the full stack trace of the errors, re-run Maven with the -e switch.
[ERROR] Re-run Maven using the -X switch to enable full debug logging.
[ERROR] 
[ERROR] For more information about the errors and possible solutions, please read the following articles:
[ERROR] [Help 1] http://cwiki.apache.org/confluence/display/MAVEN/MojoFailureException


