
[ERROR] COMPILATION ERROR : 
[ERROR] 
/C:/Dev/laborwaze/queue-system/src/test/java/com/laborwaze/queue_system/api/controller/AuthControllerTest.java:[41,34] 
cannot find symbol
[ERROR] 
/C:/Dev/laborwaze/queue-system/src/test/java/com/laborwaze/queue_system/api/controller/AuthControllerTest.java:[48,16] 
cannot find symbol
[ERROR] /C:/Dev/laborwaze/queue-system/src/test/java/com/laborwaze/queue_system/api/controller/ChamadaControllerTest.ja
va:[51,37] cannot find symbol
[ERROR] /C:/Dev/laborwaze/queue-system/src/test/java/com/laborwaze/queue_system/api/controller/ChamadaControllerTest.ja
va:[52,17] cannot find symbol
[ERROR] /C:/Dev/laborwaze/queue-system/src/test/java/com/laborwaze/queue_system/api/controller/ChamadaControllerTest.ja
va:[54,28] cannot find symbol
[ERROR] /C:/Dev/laborwaze/queue-system/src/test/java/com/laborwaze/queue_system/api/controller/ChamadaControllerTest.ja
va:[55,14] cannot find symbol
[ERROR] /C:/Dev/laborwaze/queue-system/src/test/java/com/laborwaze/queue_system/api/controller/ChamadaControllerTest.ja
va:[57,34] cannot find symbol
[ERROR] /C:/Dev/laborwaze/queue-system/src/test/java/com/laborwaze/queue_system/api/controller/ChamadaControllerTest.ja
va:[58,16] cannot find symbol
[ERROR] /C:/Dev/laborwaze/queue-system/src/test/java/com/laborwaze/queue_system/api/controller/ChamadaControllerTest.ja
va:[60,34] cannot find symbol
[ERROR] /C:/Dev/laborwaze/queue-system/src/test/java/com/laborwaze/queue_system/api/controller/ChamadaControllerTest.ja
va:[65,16] cannot find symbol
[ERROR] /C:/Dev/laborwaze/queue-system/src/test/java/com/laborwaze/queue_system/api/controller/ChamadaControllerTest.ja
va:[130,16] cannot find symbol
[ERROR] /C:/Dev/laborwaze/queue-system/src/test/java/com/laborwaze/queue_system/api/controller/ChamadaControllerTest.ja
va:[131,16] cannot find symbol
[ERROR] /C:/Dev/laborwaze/queue-system/src/test/java/com/laborwaze/queue_system/api/controller/ChamadaControllerTest.ja
va:[146,16] cannot find symbol
[ERROR] /C:/Dev/laborwaze/queue-system/src/test/java/com/laborwaze/queue_system/api/controller/ChamadaControllerTest.ja
va:[147,16] cannot find symbol
[ERROR] /C:/Dev/laborwaze/queue-system/src/test/java/com/laborwaze/queue_system/api/controller/ChamadaControllerTest.ja
va:[159,16] cannot find symbol
[ERROR] /C:/Dev/laborwaze/queue-system/src/test/java/com/laborwaze/queue_system/api/controller/ProfissionalControllerTe
st.java:[48,34] cannot find symbol
[ERROR] /C:/Dev/laborwaze/queue-system/src/test/java/com/laborwaze/queue_system/api/controller/ProfissionalControllerTe
st.java:[55,16] cannot find symbol
[ERROR] 
/C:/Dev/laborwaze/queue-system/src/test/java/com/laborwaze/queue_system/api/controller/SalaControllerTest.java:[48,25] 
cannot find symbol
[ERROR] 
/C:/Dev/laborwaze/queue-system/src/test/java/com/laborwaze/queue_system/api/controller/SalaControllerTest.java:[54,13] 
cannot find symbol
[ERROR] /C:/Dev/laborwaze/queue-system/src/test/java/com/laborwaze/queue_system/application/service/AuthServiceTest.jav
a:[42,26] cannot find symbol
[ERROR] /C:/Dev/laborwaze/queue-system/src/test/java/com/laborwaze/queue_system/application/service/AuthServiceTest.jav
a:[49,16] cannot find symbol
[ERROR] /C:/Dev/laborwaze/queue-system/src/test/java/com/laborwaze/queue_system/application/service/ChamadaServiceTest.
java:[62,30] cannot find symbol
[ERROR] /C:/Dev/laborwaze/queue-system/src/test/java/com/laborwaze/queue_system/application/service/ChamadaServiceTest.
java:[67,10] cannot find symbol
[ERROR] /C:/Dev/laborwaze/queue-system/src/test/java/com/laborwaze/queue_system/application/service/ChamadaServiceTest.
java:[72,28] cannot find symbol
[ERROR] /C:/Dev/laborwaze/queue-system/src/test/java/com/laborwaze/queue_system/application/service/ChamadaServiceTest.
java:[77,10] cannot find symbol
[ERROR] /C:/Dev/laborwaze/queue-system/src/test/java/com/laborwaze/queue_system/application/service/ChamadaServiceTest.
java:[82,28] cannot find symbol
[ERROR] /C:/Dev/laborwaze/queue-system/src/test/java/com/laborwaze/queue_system/application/service/ChamadaServiceTest.
java:[89,10] cannot find symbol
[ERROR] /C:/Dev/laborwaze/queue-system/src/test/java/com/laborwaze/queue_system/application/service/ChamadaServiceTest.
java:[94,22] cannot find symbol
[ERROR] /C:/Dev/laborwaze/queue-system/src/test/java/com/laborwaze/queue_system/application/service/ChamadaServiceTest.
java:[100,10] cannot find symbol
[ERROR] /C:/Dev/laborwaze/queue-system/src/test/java/com/laborwaze/queue_system/application/service/ChamadaServiceTest.
java:[105,29] cannot find symbol
[ERROR] /C:/Dev/laborwaze/queue-system/src/test/java/com/laborwaze/queue_system/application/service/ChamadaServiceTest.
java:[113,11] cannot find symbol
[ERROR] /C:/Dev/laborwaze/queue-system/src/test/java/com/laborwaze/queue_system/application/service/ChamadaServiceTest.
java:[119,29] cannot find symbol
[ERROR] /C:/Dev/laborwaze/queue-system/src/test/java/com/laborwaze/queue_system/application/service/ChamadaServiceTest.
java:[128,11] cannot find symbol
[ERROR] /C:/Dev/laborwaze/queue-system/src/test/java/com/laborwaze/queue_system/application/service/ChamadaServiceTest.
java:[142,18] cannot find symbol
[ERROR] /C:/Dev/laborwaze/queue-system/src/test/java/com/laborwaze/queue_system/application/service/ChamadaServiceTest.
java:[166,18] cannot find symbol
[ERROR] /C:/Dev/laborwaze/queue-system/src/test/java/com/laborwaze/queue_system/application/service/ProfissionalService
Test.java:[39,31] cannot find symbol
[ERROR] /C:/Dev/laborwaze/queue-system/src/test/java/com/laborwaze/queue_system/application/service/ProfissionalService
Test.java:[46,21] cannot find symbol
[ERROR] /C:/Dev/laborwaze/queue-system/src/test/java/com/laborwaze/queue_system/application/service/ProfissionalService
Test.java:[56,18] cannot find symbol
[ERROR] /C:/Dev/laborwaze/queue-system/src/test/java/com/laborwaze/queue_system/application/service/RelatorioServiceTes
t.java:[50,29] constructor Paciente in class com.laborwaze.queue_system.domain.model.Paciente cannot be applied to 
given types;
[ERROR] /C:/Dev/laborwaze/queue-system/src/test/java/com/laborwaze/queue_system/application/service/RelatorioServiceTes
t.java:[51,17] cannot find symbol
[ERROR] /C:/Dev/laborwaze/queue-system/src/test/java/com/laborwaze/queue_system/application/service/RelatorioServiceTes
t.java:[52,17] cannot find symbol
[ERROR] /C:/Dev/laborwaze/queue-system/src/test/java/com/laborwaze/queue_system/application/service/RelatorioServiceTes
t.java:[53,17] cannot find symbol
[ERROR] /C:/Dev/laborwaze/queue-system/src/test/java/com/laborwaze/queue_system/application/service/RelatorioServiceTes
t.java:[55,23] constructor Setor in class com.laborwaze.queue_system.domain.model.Setor cannot be applied to given 
types;
[ERROR] /C:/Dev/laborwaze/queue-system/src/test/java/com/laborwaze/queue_system/application/service/RelatorioServiceTes
t.java:[56,14] cannot find symbol
[ERROR] /C:/Dev/laborwaze/queue-system/src/test/java/com/laborwaze/queue_system/application/service/RelatorioServiceTes
t.java:[57,14] cannot find symbol
[ERROR] /C:/Dev/laborwaze/queue-system/src/test/java/com/laborwaze/queue_system/application/service/RelatorioServiceTes
t.java:[59,27] constructor Servico in class com.laborwaze.queue_system.domain.model.Servico cannot be applied to given 
types;
[ERROR] /C:/Dev/laborwaze/queue-system/src/test/java/com/laborwaze/queue_system/application/service/RelatorioServiceTes
t.java:[60,16] cannot find symbol
[ERROR] /C:/Dev/laborwaze/queue-system/src/test/java/com/laborwaze/queue_system/application/service/RelatorioServiceTes
t.java:[61,16] cannot find symbol
[ERROR] /C:/Dev/laborwaze/queue-system/src/test/java/com/laborwaze/queue_system/application/service/RelatorioServiceTes
t.java:[62,16] cannot find symbol
[ERROR] /C:/Dev/laborwaze/queue-system/src/test/java/com/laborwaze/queue_system/application/service/RelatorioServiceTes
t.java:[64,26] cannot find symbol
[ERROR] /C:/Dev/laborwaze/queue-system/src/test/java/com/laborwaze/queue_system/application/service/RelatorioServiceTes
t.java:[72,16] cannot find symbol
[ERROR] /C:/Dev/laborwaze/queue-system/src/test/java/com/laborwaze/queue_system/application/service/SalaServiceTest.jav
a:[34,20] cannot find symbol
[ERROR] /C:/Dev/laborwaze/queue-system/src/test/java/com/laborwaze/queue_system/application/service/SalaServiceTest.jav
a:[40,13] cannot find symbol
[ERROR] /C:/Dev/laborwaze/queue-system/src/test/java/com/laborwaze/queue_system/application/service/SalaServiceTest.jav
a:[48,18] cannot find symbol
[ERROR] /C:/Dev/laborwaze/queue-system/src/test/java/com/laborwaze/queue_system/integration/repository/ChamadaRepositor
yTest.java:[39,43] cannot find symbol
[ERROR] /C:/Dev/laborwaze/queue-system/src/test/java/com/laborwaze/queue_system/integration/repository/ChamadaRepositor
yTest.java:[40,49] cannot find symbol
[ERROR] /C:/Dev/laborwaze/queue-system/src/test/java/com/laborwaze/queue_system/integration/repository/ChamadaRepositor
yTest.java:[42,52] cannot find symbol
[ERROR] /C:/Dev/laborwaze/queue-system/src/test/java/com/laborwaze/queue_system/integration/repository/ChamadaRepositor
yTest.java:[44,51] cannot find symbol
[ERROR] /C:/Dev/laborwaze/queue-system/src/test/java/com/laborwaze/queue_system/integration/repository/ChamadaRepositor
yTest.java:[48,49] cannot find symbol
[ERROR] /C:/Dev/laborwaze/queue-system/src/test/java/com/laborwaze/queue_system/integration/repository/ChamadaRepositor
yTest.java:[73,40] cannot find symbol
[ERROR] /C:/Dev/laborwaze/queue-system/src/test/java/com/laborwaze/queue_system/integration/repository/ChamadaRepositor
yTest.java:[136,16] cannot find symbol
[ERROR] /C:/Dev/laborwaze/queue-system/src/test/java/com/laborwaze/queue_system/integration/repository/ChamadaRepositor
yTest.java:[147,45] cannot find symbol
[ERROR] /C:/Dev/laborwaze/queue-system/src/test/java/com/laborwaze/queue_system/integration/repository/ChamadaRepositor
yTest.java:[149,54] cannot find symbol
[ERROR] /C:/Dev/laborwaze/queue-system/src/test/java/com/laborwaze/queue_system/integration/repository/ChamadaRepositor
yTest.java:[162,47] cannot find symbol
[ERROR] /C:/Dev/laborwaze/queue-system/src/test/java/com/laborwaze/queue_system/integration/repository/ChamadaRepositor
yTest.java:[165,47] cannot find symbol
[ERROR] Failed to execute goal org.apache.maven.plugins:maven-compiler-plugin:3.14.1:testCompile (default-testCompile) 
on project queue-system: Compilation failure: Compilation failure: 
[ERROR] 
/C:/Dev/laborwaze/queue-system/src/test/java/com/laborwaze/queue_system/api/controller/AuthControllerTest.java:[41,34] 
cannot find symbol
[ERROR]   symbol:   method builder()
[ERROR]   location: class com.laborwaze.queue_system.domain.model.Usuario
[ERROR] 
/C:/Dev/laborwaze/queue-system/src/test/java/com/laborwaze/queue_system/api/controller/AuthControllerTest.java:[48,16] 
cannot find symbol
[ERROR]   symbol:   method setId(java.lang.String)
[ERROR]   location: variable usuario of type com.laborwaze.queue_system.domain.model.Usuario
[ERROR] /C:/Dev/laborwaze/queue-system/src/test/java/com/laborwaze/queue_system/api/controller/ChamadaControllerTest.ja
va:[51,37] cannot find symbol
[ERROR]   symbol:   method builder()
[ERROR]   location: class com.laborwaze.queue_system.domain.model.Paciente
[ERROR] /C:/Dev/laborwaze/queue-system/src/test/java/com/laborwaze/queue_system/api/controller/ChamadaControllerTest.ja
va:[52,17] cannot find symbol
[ERROR]   symbol:   method setId(java.lang.String)
[ERROR]   location: variable paciente of type com.laborwaze.queue_system.domain.model.Paciente
[ERROR] /C:/Dev/laborwaze/queue-system/src/test/java/com/laborwaze/queue_system/api/controller/ChamadaControllerTest.ja
va:[54,28] cannot find symbol
[ERROR]   symbol:   method builder()
[ERROR]   location: class com.laborwaze.queue_system.domain.model.Setor
[ERROR] /C:/Dev/laborwaze/queue-system/src/test/java/com/laborwaze/queue_system/api/controller/ChamadaControllerTest.ja
va:[55,14] cannot find symbol
[ERROR]   symbol:   method setId(java.lang.String)
[ERROR]   location: variable setor of type com.laborwaze.queue_system.domain.model.Setor
[ERROR] /C:/Dev/laborwaze/queue-system/src/test/java/com/laborwaze/queue_system/api/controller/ChamadaControllerTest.ja
va:[57,34] cannot find symbol
[ERROR]   symbol:   method builder()
[ERROR]   location: class com.laborwaze.queue_system.domain.model.Servico
[ERROR] /C:/Dev/laborwaze/queue-system/src/test/java/com/laborwaze/queue_system/api/controller/ChamadaControllerTest.ja
va:[58,16] cannot find symbol
[ERROR]   symbol:   method setId(java.lang.String)
[ERROR]   location: variable servico of type com.laborwaze.queue_system.domain.model.Servico
[ERROR] /C:/Dev/laborwaze/queue-system/src/test/java/com/laborwaze/queue_system/api/controller/ChamadaControllerTest.ja
va:[60,34] cannot find symbol
[ERROR]   symbol:   method builder()
[ERROR]   location: class com.laborwaze.queue_system.domain.model.Chamada
[ERROR] /C:/Dev/laborwaze/queue-system/src/test/java/com/laborwaze/queue_system/api/controller/ChamadaControllerTest.ja
va:[65,16] cannot find symbol
[ERROR]   symbol:   method setId(java.lang.String)
[ERROR]   location: variable chamada of type com.laborwaze.queue_system.domain.model.Chamada
[ERROR] /C:/Dev/laborwaze/queue-system/src/test/java/com/laborwaze/queue_system/api/controller/ChamadaControllerTest.ja
va:[130,16] cannot find symbol
[ERROR]   symbol:   method setStatus(com.laborwaze.queue_system.domain.enums.StatusChamada)
[ERROR]   location: variable chamada of type com.laborwaze.queue_system.domain.model.Chamada
[ERROR] /C:/Dev/laborwaze/queue-system/src/test/java/com/laborwaze/queue_system/api/controller/ChamadaControllerTest.ja
va:[131,16] cannot find symbol
[ERROR]   symbol:   method setDataInicioAtendimento(java.time.LocalDateTime)
[ERROR]   location: variable chamada of type com.laborwaze.queue_system.domain.model.Chamada
[ERROR] /C:/Dev/laborwaze/queue-system/src/test/java/com/laborwaze/queue_system/api/controller/ChamadaControllerTest.ja
va:[146,16] cannot find symbol
[ERROR]   symbol:   method setStatus(com.laborwaze.queue_system.domain.enums.StatusChamada)
[ERROR]   location: variable chamada of type com.laborwaze.queue_system.domain.model.Chamada
[ERROR] /C:/Dev/laborwaze/queue-system/src/test/java/com/laborwaze/queue_system/api/controller/ChamadaControllerTest.ja
va:[147,16] cannot find symbol
[ERROR]   symbol:   method setDataFimAtendimento(java.time.LocalDateTime)
[ERROR]   location: variable chamada of type com.laborwaze.queue_system.domain.model.Chamada
[ERROR] /C:/Dev/laborwaze/queue-system/src/test/java/com/laborwaze/queue_system/api/controller/ChamadaControllerTest.ja
va:[159,16] cannot find symbol
[ERROR]   symbol:   method setStatus(com.laborwaze.queue_system.domain.enums.StatusChamada)
[ERROR]   location: variable chamada of type com.laborwaze.queue_system.domain.model.Chamada
[ERROR] /C:/Dev/laborwaze/queue-system/src/test/java/com/laborwaze/queue_system/api/controller/ProfissionalControllerTe
st.java:[48,34] cannot find symbol
[ERROR]   symbol:   method builder()
[ERROR]   location: class com.laborwaze.queue_system.domain.model.Usuario
[ERROR] /C:/Dev/laborwaze/queue-system/src/test/java/com/laborwaze/queue_system/api/controller/ProfissionalControllerTe
st.java:[55,16] cannot find symbol
[ERROR]   symbol:   method setId(java.lang.String)
[ERROR]   location: variable usuario of type com.laborwaze.queue_system.domain.model.Usuario
[ERROR] 
/C:/Dev/laborwaze/queue-system/src/test/java/com/laborwaze/queue_system/api/controller/SalaControllerTest.java:[48,25] 
cannot find symbol
[ERROR]   symbol:   method builder()
[ERROR]   location: class com.laborwaze.queue_system.domain.model.Sala
[ERROR] 
/C:/Dev/laborwaze/queue-system/src/test/java/com/laborwaze/queue_system/api/controller/SalaControllerTest.java:[54,13] 
cannot find symbol
[ERROR]   symbol:   method setId(java.lang.String)
[ERROR]   location: variable sala of type com.laborwaze.queue_system.domain.model.Sala
[ERROR] /C:/Dev/laborwaze/queue-system/src/test/java/com/laborwaze/queue_system/application/service/AuthServiceTest.jav
a:[42,26] cannot find symbol
[ERROR]   symbol:   method builder()
[ERROR]   location: class com.laborwaze.queue_system.domain.model.Usuario
[ERROR] /C:/Dev/laborwaze/queue-system/src/test/java/com/laborwaze/queue_system/application/service/AuthServiceTest.jav
a:[49,16] cannot find symbol
[ERROR]   symbol:   method setId(java.lang.String)
[ERROR]   location: variable usuario of type com.laborwaze.queue_system.domain.model.Usuario
[ERROR] /C:/Dev/laborwaze/queue-system/src/test/java/com/laborwaze/queue_system/application/service/ChamadaServiceTest.
java:[62,30] cannot find symbol
[ERROR]   symbol:   method builder()
[ERROR]   location: class com.laborwaze.queue_system.domain.model.Paciente
[ERROR] /C:/Dev/laborwaze/queue-system/src/test/java/com/laborwaze/queue_system/application/service/ChamadaServiceTest.
java:[67,10] cannot find symbol
[ERROR]   symbol:   method setId(java.lang.String)
[ERROR]   location: variable p of type com.laborwaze.queue_system.domain.model.Paciente
[ERROR] /C:/Dev/laborwaze/queue-system/src/test/java/com/laborwaze/queue_system/application/service/ChamadaServiceTest.
java:[72,28] cannot find symbol
[ERROR]   symbol:   method builder()
[ERROR]   location: class com.laborwaze.queue_system.domain.model.Servico
[ERROR] /C:/Dev/laborwaze/queue-system/src/test/java/com/laborwaze/queue_system/application/service/ChamadaServiceTest.
java:[77,10] cannot find symbol
[ERROR]   symbol:   method setId(java.lang.String)
[ERROR]   location: variable s of type com.laborwaze.queue_system.domain.model.Servico
[ERROR] /C:/Dev/laborwaze/queue-system/src/test/java/com/laborwaze/queue_system/application/service/ChamadaServiceTest.
java:[82,28] cannot find symbol
[ERROR]   symbol:   method builder()
[ERROR]   location: class com.laborwaze.queue_system.domain.model.Usuario
[ERROR] /C:/Dev/laborwaze/queue-system/src/test/java/com/laborwaze/queue_system/application/service/ChamadaServiceTest.
java:[89,10] cannot find symbol
[ERROR]   symbol:   method setId(java.lang.String)
[ERROR]   location: variable a of type com.laborwaze.queue_system.domain.model.Usuario
[ERROR] /C:/Dev/laborwaze/queue-system/src/test/java/com/laborwaze/queue_system/application/service/ChamadaServiceTest.
java:[94,22] cannot find symbol
[ERROR]   symbol:   method builder()
[ERROR]   location: class com.laborwaze.queue_system.domain.model.Sala
[ERROR] /C:/Dev/laborwaze/queue-system/src/test/java/com/laborwaze/queue_system/application/service/ChamadaServiceTest.
java:[100,10] cannot find symbol
[ERROR]   symbol:   method setId(java.lang.String)
[ERROR]   location: variable s of type com.laborwaze.queue_system.domain.model.Sala
[ERROR] /C:/Dev/laborwaze/queue-system/src/test/java/com/laborwaze/queue_system/application/service/ChamadaServiceTest.
java:[105,29] cannot find symbol
[ERROR]   symbol:   method builder()
[ERROR]   location: class com.laborwaze.queue_system.domain.model.Chamada
[ERROR] /C:/Dev/laborwaze/queue-system/src/test/java/com/laborwaze/queue_system/application/service/ChamadaServiceTest.
java:[113,11] cannot find symbol
[ERROR]   symbol:   method setId(java.lang.String)
[ERROR]   location: variable ch of type com.laborwaze.queue_system.domain.model.Chamada
[ERROR] /C:/Dev/laborwaze/queue-system/src/test/java/com/laborwaze/queue_system/application/service/ChamadaServiceTest.
java:[119,29] cannot find symbol
[ERROR]   symbol:   method builder()
[ERROR]   location: class com.laborwaze.queue_system.domain.model.Chamada
[ERROR] /C:/Dev/laborwaze/queue-system/src/test/java/com/laborwaze/queue_system/application/service/ChamadaServiceTest.
java:[128,11] cannot find symbol
[ERROR]   symbol:   method setId(java.lang.String)
[ERROR]   location: variable ch of type com.laborwaze.queue_system.domain.model.Chamada
[ERROR] /C:/Dev/laborwaze/queue-system/src/test/java/com/laborwaze/queue_system/application/service/ChamadaServiceTest.
java:[142,18] cannot find symbol
[ERROR]   symbol:   method setId(java.lang.String)
[ERROR]   location: variable saved of type com.laborwaze.queue_system.domain.model.Chamada
[ERROR] /C:/Dev/laborwaze/queue-system/src/test/java/com/laborwaze/queue_system/application/service/ChamadaServiceTest.
java:[166,18] cannot find symbol
[ERROR]   symbol:   method setId(java.lang.String)
[ERROR]   location: variable saved of type com.laborwaze.queue_system.domain.model.Chamada
[ERROR] /C:/Dev/laborwaze/queue-system/src/test/java/com/laborwaze/queue_system/application/service/ProfissionalService
Test.java:[39,31] cannot find symbol
[ERROR]   symbol:   method builder()
[ERROR]   location: class com.laborwaze.queue_system.domain.model.Usuario
[ERROR] /C:/Dev/laborwaze/queue-system/src/test/java/com/laborwaze/queue_system/application/service/ProfissionalService
Test.java:[46,21] cannot find symbol
[ERROR]   symbol:   method setId(java.lang.String)
[ERROR]   location: variable profissional of type com.laborwaze.queue_system.domain.model.Usuario
[ERROR] /C:/Dev/laborwaze/queue-system/src/test/java/com/laborwaze/queue_system/application/service/ProfissionalService
Test.java:[56,18] cannot find symbol
[ERROR]   symbol:   method setId(java.lang.String)
[ERROR]   location: variable saved of type com.laborwaze.queue_system.domain.model.Usuario
[ERROR] /C:/Dev/laborwaze/queue-system/src/test/java/com/laborwaze/queue_system/application/service/RelatorioServiceTes
t.java:[50,29] constructor Paciente in class com.laborwaze.queue_system.domain.model.Paciente cannot be applied to 
given types;
[ERROR]   required: java.lang.String,java.time.LocalDateTime,java.time.LocalDateTime,java.lang.String,java.lang.String,
java.lang.String,java.lang.String
[ERROR]   found:    no arguments
[ERROR]   reason: actual and formal argument lists differ in length
[ERROR] /C:/Dev/laborwaze/queue-system/src/test/java/com/laborwaze/queue_system/application/service/RelatorioServiceTes
t.java:[51,17] cannot find symbol
[ERROR]   symbol:   method setId(java.lang.String)
[ERROR]   location: variable paciente of type com.laborwaze.queue_system.domain.model.Paciente
[ERROR] /C:/Dev/laborwaze/queue-system/src/test/java/com/laborwaze/queue_system/application/service/RelatorioServiceTes
t.java:[52,17] cannot find symbol
[ERROR]   symbol:   method setNome(java.lang.String)
[ERROR]   location: variable paciente of type com.laborwaze.queue_system.domain.model.Paciente
[ERROR] /C:/Dev/laborwaze/queue-system/src/test/java/com/laborwaze/queue_system/application/service/RelatorioServiceTes
t.java:[53,17] cannot find symbol
[ERROR]   symbol:   method setCpf(java.lang.String)
[ERROR]   location: variable paciente of type com.laborwaze.queue_system.domain.model.Paciente
[ERROR] /C:/Dev/laborwaze/queue-system/src/test/java/com/laborwaze/queue_system/application/service/RelatorioServiceTes
t.java:[55,23] constructor Setor in class com.laborwaze.queue_system.domain.model.Setor cannot be applied to given 
types;
[ERROR]   required: 
java.lang.String,java.time.LocalDateTime,java.time.LocalDateTime,java.lang.String,java.lang.String,java.lang.Boolean
[ERROR]   found:    no arguments
[ERROR]   reason: actual and formal argument lists differ in length
[ERROR] /C:/Dev/laborwaze/queue-system/src/test/java/com/laborwaze/queue_system/application/service/RelatorioServiceTes
t.java:[56,14] cannot find symbol
[ERROR]   symbol:   method setId(java.lang.String)
[ERROR]   location: variable setor of type com.laborwaze.queue_system.domain.model.Setor
[ERROR] /C:/Dev/laborwaze/queue-system/src/test/java/com/laborwaze/queue_system/application/service/RelatorioServiceTes
t.java:[57,14] cannot find symbol
[ERROR]   symbol:   method setNome(java.lang.String)
[ERROR]   location: variable setor of type com.laborwaze.queue_system.domain.model.Setor
[ERROR] /C:/Dev/laborwaze/queue-system/src/test/java/com/laborwaze/queue_system/application/service/RelatorioServiceTes
t.java:[59,27] constructor Servico in class com.laborwaze.queue_system.domain.model.Servico cannot be applied to given 
types;
[ERROR]   required: java.lang.String,java.time.LocalDateTime,java.time.LocalDateTime,java.lang.String,java.lang.String,
java.lang.String,java.lang.Integer,com.laborwaze.queue_system.domain.model.Setor,java.lang.Boolean
[ERROR]   found:    no arguments
[ERROR]   reason: actual and formal argument lists differ in length
[ERROR] /C:/Dev/laborwaze/queue-system/src/test/java/com/laborwaze/queue_system/application/service/RelatorioServiceTes
t.java:[60,16] cannot find symbol
[ERROR]   symbol:   method setId(java.lang.String)
[ERROR]   location: variable servico of type com.laborwaze.queue_system.domain.model.Servico
[ERROR] /C:/Dev/laborwaze/queue-system/src/test/java/com/laborwaze/queue_system/application/service/RelatorioServiceTes
t.java:[61,16] cannot find symbol
[ERROR]   symbol:   method setNome(java.lang.String)
[ERROR]   location: variable servico of type com.laborwaze.queue_system.domain.model.Servico
[ERROR] /C:/Dev/laborwaze/queue-system/src/test/java/com/laborwaze/queue_system/application/service/RelatorioServiceTes
t.java:[62,16] cannot find symbol
[ERROR]   symbol:   method setSetor(com.laborwaze.queue_system.domain.model.Setor)
[ERROR]   location: variable servico of type com.laborwaze.queue_system.domain.model.Servico
[ERROR] /C:/Dev/laborwaze/queue-system/src/test/java/com/laborwaze/queue_system/application/service/RelatorioServiceTes
t.java:[64,26] cannot find symbol
[ERROR]   symbol:   method builder()
[ERROR]   location: class com.laborwaze.queue_system.domain.model.Chamada
[ERROR] /C:/Dev/laborwaze/queue-system/src/test/java/com/laborwaze/queue_system/application/service/RelatorioServiceTes
t.java:[72,16] cannot find symbol
[ERROR]   symbol:   method setId(java.lang.String)
[ERROR]   location: variable chamada of type com.laborwaze.queue_system.domain.model.Chamada
[ERROR] /C:/Dev/laborwaze/queue-system/src/test/java/com/laborwaze/queue_system/application/service/SalaServiceTest.jav
a:[34,20] cannot find symbol
[ERROR]   symbol:   method builder()
[ERROR]   location: class com.laborwaze.queue_system.domain.model.Sala
[ERROR] /C:/Dev/laborwaze/queue-system/src/test/java/com/laborwaze/queue_system/application/service/SalaServiceTest.jav
a:[40,13] cannot find symbol
[ERROR]   symbol:   method setId(java.lang.String)
[ERROR]   location: variable sala of type com.laborwaze.queue_system.domain.model.Sala
[ERROR] /C:/Dev/laborwaze/queue-system/src/test/java/com/laborwaze/queue_system/application/service/SalaServiceTest.jav
a:[48,18] cannot find symbol
[ERROR]   symbol:   method setId(java.lang.String)
[ERROR]   location: variable saved of type com.laborwaze.queue_system.domain.model.Sala
[ERROR] /C:/Dev/laborwaze/queue-system/src/test/java/com/laborwaze/queue_system/integration/repository/ChamadaRepositor
yTest.java:[39,43] cannot find symbol
[ERROR]   symbol:   method builder()
[ERROR]   location: class com.laborwaze.queue_system.domain.model.Setor
[ERROR] /C:/Dev/laborwaze/queue-system/src/test/java/com/laborwaze/queue_system/integration/repository/ChamadaRepositor
yTest.java:[40,49] cannot find symbol
[ERROR]   symbol:   method builder()
[ERROR]   location: class com.laborwaze.queue_system.domain.model.Servico
[ERROR] /C:/Dev/laborwaze/queue-system/src/test/java/com/laborwaze/queue_system/integration/repository/ChamadaRepositor
yTest.java:[42,52] cannot find symbol
[ERROR]   symbol:   method builder()
[ERROR]   location: class com.laborwaze.queue_system.domain.model.Paciente
[ERROR] /C:/Dev/laborwaze/queue-system/src/test/java/com/laborwaze/queue_system/integration/repository/ChamadaRepositor
yTest.java:[44,51] cannot find symbol
[ERROR]   symbol:   method builder()
[ERROR]   location: class com.laborwaze.queue_system.domain.model.Usuario
[ERROR] /C:/Dev/laborwaze/queue-system/src/test/java/com/laborwaze/queue_system/integration/repository/ChamadaRepositor
yTest.java:[48,49] cannot find symbol
[ERROR]   symbol:   method builder()
[ERROR]   location: class com.laborwaze.queue_system.domain.model.Chamada
[ERROR] /C:/Dev/laborwaze/queue-system/src/test/java/com/laborwaze/queue_system/integration/repository/ChamadaRepositor
yTest.java:[73,40] cannot find symbol
[ERROR]   symbol:   method builder()
[ERROR]   location: class com.laborwaze.queue_system.domain.model.Chamada
[ERROR] /C:/Dev/laborwaze/queue-system/src/test/java/com/laborwaze/queue_system/integration/repository/ChamadaRepositor
yTest.java:[136,16] cannot find symbol
[ERROR]   symbol:   method setStatus(com.laborwaze.queue_system.domain.enums.StatusChamada)
[ERROR]   location: variable chamada of type com.laborwaze.queue_system.domain.model.Chamada
[ERROR] /C:/Dev/laborwaze/queue-system/src/test/java/com/laborwaze/queue_system/integration/repository/ChamadaRepositor
yTest.java:[147,45] cannot find symbol
[ERROR]   symbol:   method builder()
[ERROR]   location: class com.laborwaze.queue_system.domain.model.Sala
[ERROR] /C:/Dev/laborwaze/queue-system/src/test/java/com/laborwaze/queue_system/integration/repository/ChamadaRepositor
yTest.java:[149,54] cannot find symbol
[ERROR]   symbol:   method builder()
[ERROR]   location: class com.laborwaze.queue_system.domain.model.TentativaChamada
[ERROR] /C:/Dev/laborwaze/queue-system/src/test/java/com/laborwaze/queue_system/integration/repository/ChamadaRepositor
yTest.java:[162,47] cannot find symbol
[ERROR]   symbol:   method builder()
[ERROR]   location: class com.laborwaze.queue_system.domain.model.TentativaChamada
[ERROR] /C:/Dev/laborwaze/queue-system/src/test/java/com/laborwaze/queue_system/integration/repository/ChamadaRepositor
yTest.java:[165,47] cannot find symbol
[ERROR]   symbol:   method builder()
[ERROR]   location: class com.laborwaze.queue_system.domain.model.TentativaChamada
[ERROR] -> [Help 1]
[ERROR] 
[ERROR] To see the full stack trace of the errors, re-run Maven with the -e switch.
[ERROR] Re-run Maven using the -X switch to enable full debug logging.
[ERROR] 
[ERROR] For more information about the errors and possible solutions, please read the following articles:
[ERROR] [Help 1] http://cwiki.apache.org/confluence/display/MAVEN/MojoFailureException


